// Jest Snapshot v1, https://goo.gl/fbAQLP

exports[`The player Component Renders the component with a video of a bunny! 1`] = `
<div
  class="player__Container-sc-1vwu8au-0"
>
  <button
    class="player__Button-sc-1vwu8au-4 leQJTN"
  >
    Play
  </button>
</div>
`;
